A65 A 190,9 S 249,1
A65 83,6
A65 A 190,9 S 483,4
A65 83,6
S514 541,8
2vG S 4,5
A65 A 190,9 S 483,4
bE0Vdc5Z A 206,3
uF0lg A 17,4 S 62,7
zqvze A 12,1 S 58,4
A65 154,3
S307 4,5
A495 272,4
S514 604,5
