53sk0UufuM A 122,7
MrdvQ9f2zk A 4,4
WNUod5LR A 152,9
A392 90,2
A513 152,9
A576 36,9
53sk0UufuM A 122,7
EbREkQ A 54,4
MrdvQ9f2zk A 46,7
WNUod5LR A 167,8
A392 132,5
A513 217,2
A576 41,9
53sk0UufuM A 122,7
EbREkQ A 269,0
KaQbdxzPBw S 54,0
MrdvQ9f2zk A 55,8
WNUod5LR A 167,8
A392 347,1
A513 217,2
A576 51,0
S655 54,0
