A702 S 110,3
L3X3sn S 192,2
OWgsAu3H S 47,9
np3z S 10,9
S236 240,1
S368 110,3
S409 10,9
S236 242,9
A702 S 113,1
L3X3sn S 192,2
OWgsAu3H S 47,9
np3z S 10,9
S236 242,9
S368 110,3
S409 10,9
2kJ A 374,6
A702 S 113,1
L3X3sn S 192,2
OWgsAu3H A 265,2 S 47,9
np3z S 10,9
S236 242,9
S368 110,3
S409 10,9
A702 639,8
S236 242,9
txzNjwW6Lb S 58,0
