A736 A 26,0
HZkV8W8R S 146,3
OQVs7 S 6,5
S49 146,3
A736 26,0
S799 6,5
A736 A 26,0
HZkV8W8R S 146,3
OQVs7 S 6,5
S49 146,3
A736 26,0
S799 6,5
S799 41,2
S799 41,2
A736 A 26,0 S 87,9
A736 26,0
j1mUg440 S 69,4
