A565 S 240,1
Zcv S 25,7
c13W A 58,3
A252 58,3
S866 265,8
S866 265,8
A565 S 240,1
FXvhkDQyL A 246,1
Zcv S 25,7
c13W A 58,3
A252 304,4
S866 265,8
A565 S 240,1
FXvhkDQyL A 246,1
Zcv S 25,7
c13W A 58,3 S 119,2
dI6iJbGR9 S 10,8
A252 304,4
S866 395,8
S866 395,8
A565 S 240,1
FXvhkDQyL A 246,1
O4Sc A 70,4
Zcv S 25,7
c13W A 58,3 S 119,2
dI6iJbGR9 S 10,8
A252 304,4
A437 70,4
S866 395,8
