3eHl9iBxJR S 45,8
9ikACsp8g A 15,9
A120 S 203,7
TXd0h S 24,6
xWUSWHhJv A 20,2
A120 36,1
S697 70,4
S758 203,7
3eHl9iBxJR S 45,8
3eHl9iBxJR S 45,8
9ikACsp8g A 70,4 S 107,7
A120 S 203,7
BcJqtnWTX5s S 98,9
JndXXq S 37,1
TXd0h S 117,3
xWUSWHhJv A 150,0
A120 90,6
S697 406,8
S758 203,7
A919 129,8
