o7Eanm8QLH S 31,4
2TFo A 143,2 S 12,4
QlUucnGsn A 193,6 S 182,1
S339 S 328,9
VdU S 11,6
o7Eanm8QLH S 31,4
A188 336,8
S451 468,0
S849 98,4
