A661 388,2
S58 39,2
A661 S 10,2
HQpHGrUO9w S 26,4
MHxvG A 13,2 S 84,2
Ve4fH A 452,1 S 2,5
hp6X4 A 230,2 S 12,8
S58 39,2
A96 307,3
A661 388,2
S803 96,9
Ck0 A 14,7
A661 S 10,2
A661 402,9
A661 S 76,2
Ck0 A 14,7
EsGmaVdu S 53,3
HQpHGrUO9w S 224,9
MHxvG A 13,2 S 167,9
Ve4fH A 452,1 S 86,8
hp6X4 A 230,2 S 12,8
S58 158,5
A96 307,3
A661 402,9
S803 463,4
HQpHGrUO9w S 224,9
S803 620,4
MHxvG A 423,7 S 167,9
Ck0 A 141,7 S 342,3
A661 A 105,6 S 102,6
Ck0 A 163,4 S 342,3
EsGmaVdu A 225,9 S 236,4
HQpHGrUO9w A 150,0 S 224,9
MHxvG A 423,7 S 319,9
Ve4fH A 452,1 S 143,1
hp6X4 A 309,5 S 117,4
S58 678,0
A96 802,2
A661 1028,0
S803 808,6
hp6X4 A 309,5 S 117,4
HQpHGrUO9w A 150,0 S 238,6
S803 1186,0
Ck0 A 283,2 S 500,4
S803 1186,0
A96 1838,7
A96 1838,7
hp6X4 A 502,9 S 244,0
A661 A 536,6 S 523,6
Ck0 A 283,2 S 578,2
EsGmaVdu A 755,9 S 344,0
HQpHGrUO9w A 156,6 S 238,6
MHxvG A 883,0 S 365,2
Ve4fH A 1272,1 S 648,9
hp6X4 A 502,9 S 244,0
S58 1553,3
A96 1938,4
A661 2451,9
S803 1389,2
A661 A 608,2 S 523,6
A661 2483,1
A661 A 608,2 S 523,6
Ck0 A 559,5 S 578,2
EsGmaVdu A 1055,6 S 581,7
HQpHGrUO9w A 156,6 S 622,8
MHxvG A 883,0 S 365,2
Ve4fH A 1272,1 S 648,9
hp6X4 A 502,9 S 244,0
S58 1553,3
A96 2554,8
A661 2483,1
S803 2011,1
