S612 25,4
S612 75,7
S612 94,9
A450 S 25,4
dkOiuHjg S 69,5
kD8pIjhRCB S 258,7
u3iCgL A 180,1 S 41,0
A210 180,1
S612 94,9
S683 299,7
kD8pIjhRCB S 258,7
dkOiuHjg S 69,5
A210 244,1
dkOiuHjg S 146,1
A450 A 38,8 S 25,4
A450 103,5
u3iCgL A 244,8 S 41,0
A450 A 223,0 S 25,4
RFRIvp4G A 144,3 S 16,9
SA2zkd1M A 40,8 S 7,6
TGKyIKHpne A 101,2 S 117,9
dkOiuHjg A 90,6 S 252,0
kD8pIjhRCB S 258,7
u3iCgL A 244,8 S 41,0
A210 446,4
A450 398,3
S612 239,9
S683 479,6
A210 446,4
dkOiuHjg A 90,6 S 252,0
A210 446,4
A450 A 223,0 S 25,4
RFRIvp4G A 144,3 S 16,9
SA2zkd1M A 301,6 S 7,6
TGKyIKHpne A 101,2 S 117,9
dkOiuHjg A 90,6 S 252,0
kD8pIjhRCB A 0,8 S 258,7
u3iCgL A 252,5 S 41,0
A210 715,7
A450 398,3
S612 239,9
S683 479,6
A450 A 223,0 S 25,4
RFRIvp4G A 144,3 S 16,9
SA2zkd1M A 301,6 S 7,6
TGKyIKHpne A 101,2 S 117,9
dkOiuHjg A 90,6 S 252,0
kD8pIjhRCB A 0,8 S 258,7
u3iCgL A 252,5 S 41,0
A210 715,7
A450 398,3
S612 239,9
S683 479,6
A450 A 223,0 S 25,4
A450 398,3
A450 A 223,0 S 25,4
A450 398,3
kD8pIjhRCB A 96,0 S 258,7
A450 A 223,0 S 25,4
RFRIvp4G A 410,0 S 16,9
SA2zkd1M A 301,6 S 7,6
TGKyIKHpne A 101,2 S 117,9
dkOiuHjg A 90,6 S 252,0
kD8pIjhRCB A 96,0 S 258,7
u3iCgL A 252,5 S 41,0
A210 1076,6
A450 398,3
S612 239,9
S683 479,6
A450 A 223,0 S 25,4
RFRIvp4G A 410,0 S 36,2
SA2zkd1M A 301,6 S 7,6
TGKyIKHpne A 101,2 S 138,6
dkOiuHjg A 90,6 S 252,0
kD8pIjhRCB A 96,0 S 258,7
u3iCgL A 252,5 S 41,0
A210 1076,6
A450 398,3
S612 259,2
S683 500,3
A450 A 223,0 S 25,4
A450 398,3
u3iCgL A 252,5 S 41,0
kD8pIjhRCB A 96,0 S 258,7
A450 A 223,0 S 57,6
RFRIvp4G A 420,1 S 305,3
SA2zkd1M A 301,6 S 7,6
TGKyIKHpne A 204,8 S 138,6
dkOiuHjg A 169,4 S 252,0
kD8pIjhRCB A 126,8 S 258,7
u3iCgL A 252,5 S 52,7
A210 1107,4
A450 590,8
S612 302,7
S683 769,8
RFRIvp4G A 420,1 S 305,3
u3iCgL A 254,0 S 52,7
RFRIvp4G A 451,1 S 305,3
A210 1453,1
kD8pIjhRCB A 126,8 S 313,2
A210 1629,8
dkOiuHjg A 204,5 S 271,0
A450 A 248,6 S 57,6
RFRIvp4G A 500,2 S 305,3
SA2zkd1M A 647,3 S 75,3
TGKyIKHpne A 204,8 S 188,5
dkOiuHjg A 204,5 S 271,0
kD8pIjhRCB A 268,4 S 313,2
u3iCgL A 254,0 S 52,7
A210 1629,8
A450 698,0
S612 420,3
S683 843,3
A450 A 248,6 S 57,6
RFRIvp4G A 500,2 S 305,3
SA2zkd1M A 697,2 S 75,3
TGKyIKHpne A 204,8 S 188,5
dkOiuHjg A 204,5 S 271,0
kD8pIjhRCB A 360,0 S 313,2
u3iCgL A 254,0 S 52,7
A210 1629,8
A450 839,5
S612 420,3
S683 843,3
RFRIvp4G A 500,2 S 305,3
S683 843,3
kD8pIjhRCB A 360,0 S 392,2
S683 932,7
A450 A 330,6 S 57,6
RFRIvp4G A 500,2 S 305,3
SA2zkd1M A 697,2 S 122,3
TGKyIKHpne A 281,6 S 230,9
dkOiuHjg A 593,5 S 342,5
kD8pIjhRCB A 395,5 S 392,2
u3iCgL A 299,6 S 633,4
A210 1783,7
A450 1314,5
S612 1151,5
S683 932,7
S683 934,9
