S565 A 10,6
W7n9 A 1,2
a3c S 17,8
gkiwUA3u A 14,9 S 7,2
oga A 120,7 S 0,2
A20 1,2
S403 18,0
S565 7,2
A822 146,2
A20 22,3
A20 22,3
S565 A 10,6
W7n9 A 20,2 S 72,6
a3c A 4,5 S 17,8
gkiwUA3u A 14,9 S 34,2
oga A 122,8 S 0,2
A20 22,3
S403 90,6
S565 34,2
A822 150,7
S565 A 10,6
S565 249,6
S565 A 10,6
S565 445,5
A822 243,9
PqM A 124,3 S 197,2
S565 A 192,8 S 7,2
W7n9 A 20,2 S 72,6
a3c A 46,8 S 35,2
gkiwUA3u A 14,9 S 145,0
k3o A 98,8 S 316,3
oga A 213,8 S 26,6
A20 436,6
S403 321,0
S565 479,1
A822 275,0
S403 331,5
A20 481,7
oga A 213,8 S 26,6
PqM A 124,3 S 201,9
S565 A 202,2 S 7,2
W7n9 A 20,2 S 72,6
a3c A 82,5 S 35,2
gkiwUA3u A 14,9 S 155,5
k3o A 98,8 S 316,3
oga A 213,8 S 26,6
A20 481,7
S403 336,2
S565 479,1
A822 275,0
S565 A 202,2 S 7,2
S565 479,1
PqM A 124,3 S 201,9
S403 409,9
A822 904,0
PqM A 124,3 S 248,3
S565 A 218,6 S 7,2
W7n9 A 287,2 S 300,3
a3c A 102,0 S 108,9
gkiwUA3u A 287,5 S 410,4
k3o A 98,8 S 838,9
oga A 267,3 S 26,6
A20 481,7
S403 796,1
S565 1144,5
A822 904,0
k3o A 236,1 S 838,9
oga A 449,8 S 26,6
A20 594,7
PqM A 131,0 S 248,3
S565 A 291,0 S 221,5
W7n9 A 652,9 S 300,3
a3c A 132,4 S 108,9
gkiwUA3u A 287,5 S 410,4
k3o A 236,1 S 838,9
oga A 449,8 S 26,6
A20 594,7
S403 1010,4
S565 1144,5
A822 1586,0
A822 1606,8
PqM A 186,3 S 302,9
oga A 449,8 S 98,1
PqM A 186,3 S 391,9
S565 A 300,7 S 221,5
W7n9 A 859,6 S 366,8
a3c A 328,8 S 127,5
gkiwUA3u A 556,1 S 729,8
k3o A 353,0 S 908,3
oga A 449,8 S 234,1
A20 1132,8
S403 1682,7
S565 1297,2
A822 1901,5
PqM A 186,3 S 391,9
S565 A 300,7 S 221,5
W7n9 A 859,6 S 366,8
a3c A 328,8 S 127,5
gkiwUA3u A 556,1 S 729,8
k3o A 353,0 S 908,3
oga A 449,8 S 234,1
A20 1132,8
S403 1682,7
S565 1297,2
A822 1901,5
