A244 7,1
EsHwlFbI40 A 307,1
MrLfmN A 14,1
pX6KeNsi A 7,1
A205 14,1
A244 7,1
A690 307,1
S41 A 82,2
S41 195,5
pX6KeNsi A 119,8
MrLfmN A 395,2
S41 A 165,0
S41 195,5
A690 796,3
A205 358,0
EsHwlFbI40 A 420,9
MrLfmN A 395,2 S 35,4
R0HD1 A 214,6 S 195,5
S41 A 218,2
TMxNy92 A 230,9
pX6KeNsi A 133,9
whRCJuCkgb A 23,7
S41 230,9
A205 358,0
A244 424,4
A690 855,0
A205 566,0
EsHwlFbI40 A 420,9
MrLfmN A 603,2 S 35,4
R0HD1 A 214,6 S 195,5
S41 A 218,2
TMxNy92 A 230,9
pX6KeNsi A 133,9
whRCJuCkgb A 23,7
S41 230,9
A205 566,0
A244 424,4
A690 855,0
A690 855,0
S41 A 218,2
S41 299,4
EsHwlFbI40 A 420,9
MrLfmN A 633,3 S 35,4
R0HD1 A 359,7 S 195,5
S41 A 228,3
TMxNy92 A 230,9
pX6KeNsi A 215,5
whRCJuCkgb A 23,7 S 68,5
S41 299,4
A205 721,2
A244 424,4
A690 966,7
EsHwlFbI40 A 437,9
MrLfmN A 633,3 S 35,4
R0HD1 A 359,7 S 195,5
S41 A 228,3
TMxNy92 A 230,9
pX6KeNsi A 215,5 S 24,1
whRCJuCkgb A 23,7 S 68,5
S41 323,5
A205 721,2
A244 424,4
A690 983,7
TMxNy92 A 230,9
A690 983,7
pX6KeNsi A 234,7 S 24,1
EsHwlFbI40 A 437,9 S 110,5
MrLfmN A 634,3 S 35,4
R0HD1 A 365,4 S 243,5
S41 A 254,6
TMxNy92 A 230,9
pX6KeNsi A 234,7 S 24,1
whRCJuCkgb A 37,0 S 68,5
S41 482,0
A205 740,4
A244 465,0
A690 989,4
A690 989,4
A244 488,7
A244 489,1
TMxNy92 A 230,9
MrLfmN A 1270,1 S 35,4
S41 A 254,6
S41 700,9
A690 1714,7
R0HD1 A 366,0 S 243,5
S41 A 254,6 S 5,1
S41 782,7
A244 588,1
EsHwlFbI40 A 551,4 S 110,5
MrLfmN A 1329,6 S 35,4
R0HD1 A 366,0 S 243,5
S41 A 254,6 S 5,1
TMxNy92 A 557,1 S 74,4
pX6KeNsi A 604,9 S 243,4
whRCJuCkgb A 205,5 S 70,8
S41 783,1
A205 1181,3
A244 609,3
A690 2078,5
EsHwlFbI40 A 551,4 S 110,5
MrLfmN A 1329,6 S 35,4
R0HD1 A 366,0 S 243,5
S41 A 254,6 S 5,1
TMxNy92 A 557,1 S 74,4
pX6KeNsi A 604,9 S 243,4
whRCJuCkgb A 205,5 S 70,8
S41 783,1
A205 1181,3
A244 609,3
A690 2078,5
A205 1797,6
S41 A 635,5 S 5,1
S41 885,3
A244 826,5
