S92 151,9
Za2QO A 78,5
S92 A 236,9 S 115,7
Wpv1pUT6kTB S 223,6
Za2QO A 78,5 S 139,0
kqk7zNEN S 144,5
mzNXuX A 13,4 S 218,6
wRUc A 149,9 S 90,8
S92 774,1
S459 158,1
A511 421,7
A567 57,0
S92 A 236,9 S 115,7
Wpv1pUT6kTB S 223,6
Za2QO A 78,5 S 139,0
kqk7zNEN S 144,5
mzNXuX A 13,4 S 218,6
wRUc A 149,9 S 90,8
S92 774,1
S459 158,1
A511 421,7
A567 57,0
S92 A 236,9 S 115,7
Wpv1pUT6kTB S 223,6
Za2QO A 78,5 S 139,0
kqk7zNEN S 144,5
mzNXuX A 13,4 S 218,6
wRUc A 149,9 S 90,8
S92 774,1
S459 158,1
A511 421,7
A567 57,0
kqk7zNEN S 144,5
S92 A 236,9 S 115,7
Wpv1pUT6kTB S 302,3
Za2QO A 78,5 S 195,5
fx4 A 18,1
kqk7zNEN S 144,5
mzNXuX A 13,4 S 218,6
wRUc A 149,9 S 90,8
S92 909,3
S459 158,1
A511 439,8
A567 57,0
S92 A 236,9 S 115,7
S92 909,3
A567 85,2
S92 A 236,9 S 330,8
Wpv1pUT6kTB S 302,3
Za2QO A 106,9 S 203,0
fx4 A 18,1 S 52,4
kqk7zNEN A 28,2 S 144,5
mzNXuX A 13,4 S 218,6
wRUc A 167,0 S 90,8
S92 1176,8
S459 165,6
A511 485,3
A567 85,2
Wpv1pUT6kTB S 336,2
S92 A 236,9 S 330,8
Wpv1pUT6kTB S 336,2
Za2QO A 106,9 S 215,1
fx4 A 18,1 S 123,1
kqk7zNEN A 28,2 S 144,5
mzNXuX A 13,4 S 304,9
wRUc A 167,0 S 178,9
S92 1303,3
S459 330,2
A511 485,3
A567 85,2
S92 A 236,9 S 330,8
S92 1303,3
S92 A 236,9 S 429,3
Wpv1pUT6kTB S 433,3
Za2QO A 116,4 S 437,2
fx4 A 98,0 S 123,1
kqk7zNEN A 28,2 S 144,5
mzNXuX A 13,4 S 304,9
wRUc A 167,0 S 191,8
S92 1623,9
S459 440,2
A511 574,7
A567 85,2
S92 A 236,9 S 469,7
Wpv1pUT6kTB A 81,9 S 518,0
Za2QO A 116,4 S 513,8
fx4 A 98,0 S 123,1
kqk7zNEN A 117,1 S 144,5
mzNXuX A 67,6 S 888,9
wRUc A 167,0 S 296,1
S92 1904,2
S459 1049,9
A511 663,0
A567 221,9
A511 663,0
A511 663,0
S459 1049,9
S459 1049,9
mzNXuX A 67,6 S 888,9
S92 A 339,8 S 469,7
Wpv1pUT6kTB A 112,1 S 518,0
Za2QO A 116,4 S 513,8
fx4 A 172,1 S 123,1
kqk7zNEN A 167,9 S 144,5
mzNXuX A 67,6 S 888,9
wRUc A 171,0 S 296,1
S92 1904,2
S459 1049,9
A511 727,3
A567 419,6
S459 1049,9
S92 A 339,8 S 482,4
Wpv1pUT6kTB A 127,9 S 701,1
Za2QO A 116,4 S 712,1
fx4 A 317,8 S 329,3
kqk7zNEN A 167,9 S 317,4
mzNXuX A 350,6 S 888,9
wRUc A 171,0 S 296,1
S92 2186,2
S459 1541,1
A511 1171,8
A567 419,6
S92 A 339,8 S 482,4
Wpv1pUT6kTB A 127,9 S 701,1
Za2QO A 116,4 S 712,1
fx4 A 317,8 S 329,3
kqk7zNEN A 167,9 S 317,4
mzNXuX A 350,6 S 888,9
wRUc A 171,0 S 296,1
S92 2186,2
S459 1541,1
A511 1171,8
A567 419,6
S92 A 339,8 S 606,3
Wpv1pUT6kTB A 127,9 S 712,8
Za2QO A 120,4 S 712,1
fx4 A 321,3 S 329,3
kqk7zNEN A 167,9 S 479,3
mzNXuX A 350,6 S 959,4
wRUc A 171,0 S 296,1
S92 2394,3
S459 1701,0
A511 1171,8
A567 427,1
S459 1749,2
