eVS4AMvuz S 11,8
S694 11,8
3okw S 18,8
S416 S 323,7
TdA3cLVcg S 127,3
TtTnK6 A 14,5
eVS4AMvuz S 11,8
sd44 A 101,9
S416 127,3
S694 11,8
A954 116,4
S969 342,5
TtTnK6 A 14,5
eVS4AMvuz A 39,9 S 11,8
3okw S 18,8
S416 S 362,1
TdA3cLVcg S 127,3
TtTnK6 A 14,5
eVS4AMvuz A 39,9 S 11,8
sd44 A 101,9
S416 165,7
S694 11,8
A954 156,3
S969 342,5
3okw S 18,8
FCMlw1x5E2 S 170,5
S416 S 362,1
TdA3cLVcg S 341,4
TtTnK6 A 14,5 S 236,5
eVS4AMvuz A 73,2 S 11,8
sd44 A 101,9
S416 379,8
S694 418,8
A954 189,6
S969 342,5
3okw S 18,8
FCMlw1x5E2 S 170,5
S416 S 362,1
TdA3cLVcg S 341,4
TtTnK6 A 14,5 S 236,5
eVS4AMvuz A 73,2 S 11,8
sd44 A 101,9
S416 379,8
S694 418,8
A954 189,6
S969 342,5
S416 A 260,9 S 381,8
S416 420,3
3okw S 2739,4
FCMlw1x5E2 S 296,3
S416 A 277,5 S 381,8
TdA3cLVcg S 346,6
TtTnK6 A 46,5 S 236,5
eVS4AMvuz A 133,1 S 11,8
sd44 A 101,9 S 47,6
S416 538,5
S694 421,5
A954 559,0
S969 3100,0
A954 559,0
3okw S 2911,4
FCMlw1x5E2 S 307,7
S416 A 277,5 S 588,3
TdA3cLVcg S 619,8
TtTnK6 A 46,5 S 290,4
eVS4AMvuz A 140,5 S 11,8
sd44 A 101,9 S 68,8
S416 826,9
S694 739,9
A954 566,4
S969 3231,4
S969 3231,4
3okw S 2911,4
FCMlw1x5E2 S 307,7
S416 A 277,5 S 588,3
TdA3cLVcg S 619,8
TtTnK6 A 46,5 S 340,0
eVS4AMvuz A 140,5 S 176,6
sd44 A 101,9 S 68,8
S416 1015,3
S694 765,9
A954 566,4
S969 3231,4
3okw S 2911,4
FCMlw1x5E2 S 307,7
S416 A 277,5 S 593,3
TdA3cLVcg S 782,7
TtTnK6 A 46,5 S 527,3
eVS4AMvuz A 140,5 S 247,7
sd44 A 101,9 S 86,9
S416 1038,4
S694 960,9
A954 566,4
S969 3457,7
FCMlw1x5E2 S 419,3
TtTnK6 A 74,9 S 527,3
3okw A 63,4 S 2947,2
FCMlw1x5E2 S 740,6
S416 A 277,5 S 593,3
TdA3cLVcg A 56,5 S 958,5
TtTnK6 A 81,0 S 527,3
eVS4AMvuz A 140,5 S 247,7
sd44 A 190,5 S 86,9
S416 1108,2
S694 1417,5
A954 809,4
S969 3575,8
S969 3575,8
3okw A 63,4 S 2947,2
FCMlw1x5E2 S 740,6
S416 A 277,5 S 593,3
TdA3cLVcg A 56,5 S 958,5
TtTnK6 A 81,0 S 527,3
eVS4AMvuz A 140,5 S 247,7
sd44 A 190,5 S 86,9
S416 1108,2
S694 1417,5
A954 809,4
S969 3575,8
S969 3575,8
S416 A 280,9 S 593,3
S416 1108,2
sd44 A 494,2 S 94,8
S969 3707,1
3okw A 63,4 S 2979,2
FCMlw1x5E2 S 1159,7
S416 A 280,9 S 670,4
TdA3cLVcg A 56,5 S 958,5
TtTnK6 A 87,5 S 527,3
eVS4AMvuz A 140,5 S 308,4
sd44 A 494,2 S 94,8
S416 1246,0
S694 1713,2
A954 1123,0
S969 3739,1
S694 1832,8
3okw A 88,9 S 2984,7
FCMlw1x5E2 A 25,0 S 1159,7
S416 A 280,9 S 670,4
TdA3cLVcg A 56,5 S 958,5
TtTnK6 A 87,5 S 646,9
eVS4AMvuz A 140,5 S 498,6
sd44 A 512,9 S 94,8
S416 1246,0
S694 1832,8
A954 1192,2
S969 3934,8
eVS4AMvuz A 140,5 S 716,6
