aMEpYx A 14,3
m1RSQJ1hX S 84,5
A264 14,3
S666 84,5
S666 84,5
A264 14,3
5JiZIK A 350,4
A264 A 84,7 S 320,4
aMEpYx A 191,3
lDnc A 121,6 S 29,8
m1RSQJ1hX A 36,7 S 317,5
qFOj5Iw A 77,2
A34 98,4
A264 266,5
A386 497,0
S666 667,7
A264 A 84,7 S 320,4
A264 266,5
5JiZIK A 350,4
A264 A 84,7 S 320,4
aMEpYx A 217,1
lDnc A 121,6 S 39,8
m1RSQJ1hX A 45,7 S 317,5
qFOj5Iw A 77,2
s4r A 36,9
A34 124,2
A264 312,4
A386 497,0
S666 677,7
aMEpYx A 217,1
A264 A 84,7 S 320,4
A264 312,4
S666 944,4
aMEpYx A 217,1
5JiZIK A 359,7
A264 A 84,7 S 320,4
aMEpYx A 217,1 S 260,5
lDnc A 121,6 S 161,8
m1RSQJ1hX A 187,5 S 317,5
qFOj5Iw A 86,4 S 266,7
s4r A 133,8
A34 221,1
A264 312,4
A386 657,3
S666 1326,9
5JiZIK A 421,2
A264 A 84,7 S 320,4
aMEpYx A 217,1 S 260,5
lDnc A 121,6 S 161,8
m1RSQJ1hX A 187,5 S 317,5
qFOj5Iw A 86,4 S 266,7
s4r A 133,8
A34 221,1
A264 373,9
A386 657,3
S666 1326,9
5JiZIK A 421,2 S 33,5
A264 A 116,0 S 329,5
aMEpYx A 232,5 S 260,5
lDnc A 175,6 S 169,9
m1RSQJ1hX A 453,3 S 317,5
qFOj5Iw A 232,2 S 316,9
s4r A 321,6
A34 374,6
A264 709,1
A386 868,7
S666 1427,8
5JiZIK A 421,2 S 33,5
A264 A 116,0 S 329,5
aMEpYx A 232,5 S 260,5
lDnc A 175,6 S 169,9
m1RSQJ1hX A 453,3 S 317,5
qFOj5Iw A 232,2 S 316,9
s4r A 321,6
A34 374,6
A264 709,1
A386 868,7
S666 1427,8
5JiZIK A 427,6 S 50,4
A386 1332,1
S666 2013,8
A264 A 561,1 S 529,4
A264 843,2
lDnc A 341,4 S 191,1
aMEpYx A 273,3 S 340,8
5JiZIK A 573,4 S 78,6
A264 A 960,6 S 529,4
aMEpYx A 273,3 S 346,4
lDnc A 2109,1 S 191,1
m1RSQJ1hX A 614,5 S 378,2
qFOj5Iw A 464,4 S 509,4
s4r A 327,9 S 358,1
A34 640,3
A264 3178,6
A386 1504,3
S666 2391,2
S666 2391,2
5JiZIK A 785,9 S 78,6
A264 A 990,1 S 529,4
aMEpYx A 273,3 S 346,4
lDnc A 2109,1 S 191,1
m1RSQJ1hX A 614,5 S 378,2
qFOj5Iw A 464,4 S 509,4
s4r A 327,9 S 358,1
A34 640,3
A264 3178,6
A386 1746,3
S666 2391,2
