A176 A 19,5 S 7,6
A176 90,2
10mrPY S 374,4
1N2MI7Ry A 330,3 S 183,4
A176 A 26,4 S 7,6
Cds A 70,3 S 2,5
KJ3 A 9,7
OIgUgIW S 154,1
WcJjIHMyJx A 237,5 S 28,3
S14 200,8
A176 184,5
S825 549,5
A876 489,7
WcJjIHMyJx A 533,5 S 28,3
10mrPY A 336,7 S 497,3
10mrPY A 336,7 S 509,2
1N2MI7Ry A 330,3 S 183,4
A176 A 94,1 S 70,5
Cds A 172,7 S 48,6
KJ3 A 9,7 S 4,5
OIgUgIW A 9,2 S 235,1
WcJjIHMyJx A 577,2 S 150,2
S14 578,1
A176 919,6
S825 623,4
A876 610,3
1N2MI7Ry A 330,3 S 183,4
10mrPY A 336,7 S 509,2
1N2MI7Ry A 330,3 S 298,0
A176 A 94,1 S 70,5
Cds A 229,2 S 56,4
KJ3 A 9,7 S 4,5
OIgUgIW A 9,2 S 235,1
WcJjIHMyJx A 577,2 S 188,7
S14 700,5
A176 919,6
S825 661,9
A876 666,8
Cds A 229,2 S 56,4
S14 749,8
A176 A 94,1 S 70,5
A176 935,7
Cds A 229,2 S 56,4
S825 775,9
10mrPY A 589,9 S 540,8
1N2MI7Ry A 330,3 S 348,1
A176 A 94,1 S 70,5
Cds A 284,2 S 81,6
KJ3 A 9,7 S 11,8
OIgUgIW A 74,5 S 606,8
WcJjIHMyJx A 577,2 S 210,7
S14 755,9
A176 1293,1
S825 1114,4
A876 666,8
A876 666,8
A176 A 102,2 S 70,5
A176 1293,1
Cds A 320,1 S 81,6
10mrPY A 589,9 S 540,8
A876 1181,2
10mrPY A 653,3 S 540,8
1N2MI7Ry A 417,1 S 357,3
A176 A 106,1 S 70,5
Cds A 320,1 S 81,6
KJ3 A 25,4 S 11,8
OIgUgIW A 455,6 S 606,8
WcJjIHMyJx A 600,5 S 210,7
S14 765,1
A176 1380,0
S825 1114,4
A876 1198,1
S825 1114,4
10mrPY A 653,3 S 540,8
10mrPY A 653,3 S 540,8
1N2MI7Ry A 417,1 S 367,2
A176 A 106,1 S 70,5
Cds A 320,1 S 81,6
KJ3 A 25,4 S 11,8
OIgUgIW A 455,6 S 606,8
WcJjIHMyJx A 600,5 S 210,7
S14 775,0
A176 1380,0
S825 1114,4
A876 1198,1
WcJjIHMyJx A 600,5 S 210,7
10mrPY A 653,3 S 540,8
1N2MI7Ry A 417,1 S 546,6
A176 A 106,1 S 70,5
Cds A 320,1 S 404,2
KJ3 A 25,4 S 21,2
OIgUgIW A 490,3 S 606,8
WcJjIHMyJx A 600,5 S 216,1
S14 1282,4
A176 1380,0
S825 1123,8
A876 1232,8
10mrPY A 653,3 S 607,0
1N2MI7Ry A 417,1 S 821,8
A176 A 106,1 S 70,5
Cds A 332,1 S 404,2
KJ3 A 25,4 S 37,7
OIgUgIW A 490,3 S 606,8
WcJjIHMyJx A 600,5 S 233,8
S14 1300,1
A176 1380,0
S825 1481,7
A876 1244,8
