dK4W A 111,8
S434 A 46,9 S 32,3
dK4W A 111,8 S 476,4
gleB A 106,3
p87pY A 1,9
x7ev A 212,9
S434 508,7
A613 106,3
A775 214,8
A956 158,7
p87pY A 1,9
S434 A 46,9 S 32,3
dK4W A 111,8 S 476,4
gleB A 106,3
p87pY A 1,9
x7ev A 352,1
zILvsNBw4 A 25,7
S434 508,7
A613 106,3
A775 379,7
A956 158,7
