A558 24,7
5C7tSCIcn A 38,7
Y42 A 3,5 S 7,1
a2YwZV8lm A 17,2
wqymUa3C A 21,2
S87 7,1
A369 38,7
A418 17,2
A558 24,7
A369 38,7
A558 67,8
5C7tSCIcn A 38,7
E1gOfD6iP1j A 4,6
S87 A 38,5
Y42 A 3,5 S 43,5
a2YwZV8lm A 17,2
r4GwrfGyHI A 132,2
wqymUa3C A 66,5
S87 43,5
A369 38,7
A418 194,7
A558 67,8
