8x9Gd A 89,2
FJLWsZ8vJFC A 319,8
OeDvqyP A 23,2
xiW A 21,4
A910 409,0
A921 44,6
8x9Gd A 89,2
xiW A 226,7
