WzV7GI9 S 95,8
wpqM S 102,6
S73 95,8
S725 102,6
DQsBINW S 2,8
S73 S 68,5
WzV7GI9 S 95,8
cySJrENB A 44,7 S 199,3
wpqM S 102,6
S73 131,2
A297 44,7
S577 232,4
S725 105,4
DQsBINW S 2,8
S73 S 68,5
WzV7GI9 S 95,8
cySJrENB A 44,7 S 474,1
wpqM S 102,6
S73 406,0
A297 44,7
S577 232,4
S725 105,4
cySJrENB A 44,7 S 474,1
S725 105,4
