S328 S 130,8
S176 130,8
S328 S 130,8
S328 A 107,4 S 130,8
JKaFpuforG A 140,5
S328 A 107,4 S 130,8
uUPxGj A 262,9
