6N5 A 161,1
A66 A 93,4
E2FMmMI A 170,9
EfFFZLBb5iV S 80,6
PCV A 375,7
iB08JYTy A 38,1 S 3,1
sVUghEjxSAX A 115,4
A66 258,8
A263 466,1
S396 83,7
A847 229,7
