979Q A 29,1
Agq84Nc9Wu S 111,1
KdLHswy A 108,0
wLL S 34,4
S60 34,4
S90 111,1
A615 108,0
A628 29,1
Agq84Nc9Wu A 179,3 S 111,1
wLL S 34,4
Agq84Nc9Wu A 179,3 S 111,1
