b0hRRuC S 214,3
byHOfj7qB S 42,6
iYruyZ9 S 419,2
mvOQvJuOm2 S 106,7
S231 346,8
S398 100,6
S697 335,4
mvOQvJuOm2 S 196,6
