A114 29,2
Lh4Aispt A 29,2
NCBFkd4 A 174,2
Rtj6yS A 229,0
A17 403,2
A114 29,2
Lh4Aispt A 29,2
NCBFkd4 A 174,2
Rtj6yS A 229,0
S119 S 70,0
pyH S 61,4
A17 403,2
A114 29,2
S119 61,4
S979 70,0
Lh4Aispt A 29,2
NCBFkd4 A 174,2
Rtj6yS A 229,0
S119 S 70,0
pyH S 61,4
A17 403,2
A114 29,2
S119 61,4
S979 70,0
eID3Wip S 7,0
