S217 62,1
34socyQNw S 62,1
S217 62,1
34socyQNw S 62,1
S217 62,1
34socyQNw S 296,7
A49 S 337,5
F8m S 261,8
KgSibjnFDc A 66,4
iq5S8tP S 61,3
A40 34,5
A49 31,9
S217 399,6
S504 557,7
A49 S 337,5
A49 31,9
