S471 A 186,6
S471 A 186,6
orVNhjbmA A 20,2
A66 20,2
A190 186,6
A24 102,6
BDEJUdH A 33,0 S 154,9
b9eE0 A 57,3
S471 A 186,6
S471 154,9
