A967 A 2,1
A967 55,7
A967 A 2,1
UCaUg A 24,9
naEV2CK S 15,6
tX9YBh1S99 A 53,6 S 35,2
A291 24,9
S504 15,6
S902 35,2
A967 55,7
S504 15,6
naEV2CK S 15,6
