S997 377,6
A509 S 170,5
Ue7x9 A 19,5
oSD3BRfc S 221,7
A468 19,5
S997 392,2
194u S 18,6
A509 S 271,4
Ue7x9 A 216,9 S 33,7
hzHSlt A 35,1
oSD3BRfc S 221,7
S132 18,6
A468 54,6
A509 197,4
S997 526,8
194u S 18,6
