Cj4ePYZ6 S 20,4
JEzKt S 170,6
JwX S 46,4
vtRK5 S 3,5
S145 118,7
S218 34,3
S394 38,0
S890 49,9
Cj4ePYZ6 S 20,4
JEzKt S 170,6
JwX S 46,4
vtRK5 S 3,5
S145 118,7
S218 34,3
S394 38,0
S890 49,9
JEzKt S 533,6
