y0Y2 S 32,3
S671 32,3
EykA8DPNe S 62,3
y0Y2 S 32,3
S487 62,3
S671 32,3
S671 32,3
Bo6dgypx S 55,3
EykA8DPNe A 288,0 S 62,3
S487 S 2,3
mt6 A 161,1
t4VTPe A 181,2
y0Y2 S 281,6
A317 630,3
S487 119,9
S671 281,6
