S149 2,7
4pKzumWOW S 115,8
A760 A 8,4
YKDZwE3mF A 42,0
kvi18 A 13,9
rOP A 11,1
S149 115,8
A760 11,1
A876 64,3
4pKzumWOW S 115,8
7Mrl2 S 57,1
A760 A 20,5
YKDZwE3mF A 42,0
kvi18 A 13,9
rOP A 11,1
S149 172,9
A760 23,2
A876 64,3
YKDZwE3mF A 52,0
