A353 S 31,6
RL2v A 76,2
VjE A 119,3
euE A 30,9 S 68,9
A353 226,4
S991 100,5
VjE A 119,3
A353 S 32,8
HTudBS A 0,8
RL2v A 160,0
VjE A 119,3
cDXzN A 91,5
euE A 30,9 S 68,9
A353 310,2
A956 92,3
S991 101,7
