S795 13,0
S337 54,3
Ny5IcfAReEg S 19,0
S795 S 54,3
spPBrTaMWm S 13,0
S337 54,3
S672 19,0
S795 13,0
S795 S 54,3
S795 13,0
S795 S 54,3
S795 13,0
S335 161,1
4LFUvLt S 189,2
Ny5IcfAReEg S 44,3
PnH S 326,9
S795 S 54,3
ddiD S 127,1
spPBrTaMWm S 53,9
S335 375,6
S337 388,1
S672 19,0
S795 13,0
