A402 208,0
A402 208,0
7V8atdE A 41,4
BVunJdri A 37,2 S 12,3
E2tEJ78mb A 208,0
fczwUavzH A 58,6
koGf A 18,5
S213 12,3
A402 303,8
A659 59,9
A402 S 121,4
A402 354,2
