A928 A 94,2
ApyDq S 0,3
MTNB5lHxOx A 82,9
r9zo4YZ A 154,6
S472 0,3
A636 242,4
A928 89,3
A928 A 94,2 S 263,2
ApyDq A 108,3 S 0,3
MTNB5lHxOx A 83,2
r9zo4YZ A 159,4
S472 0,3
A636 355,5
S720 263,2
A928 89,6
