A202 5,5
gRfZFbzd A 79,0 S 54,4
z1tr13kZ0c4 A 5,5
S158 54,4
A202 84,5
