36pzVPf A 20,7
9pPsH A 41,2
UeJySJWoEQ A 8,5
A347 41,2
A485 29,2
