96gq A 40,3
96gq A 74,3
A850 A 231,7
Ir2Ms7 S 111,6
XfthT A 190,2 S 31,9
m1lP3kh A 18,7
onu A 56,7
A38 18,7
A146 145,1
A850 407,8
S966 143,5
A850 A 243,7
A850 407,8
