AHVl4yJt S 190,9
XwVE8zu8odE S 6,1
Yo3ew3nT A 19,2
yFlJ S 28,6
S99 197,0
A248 19,2
S689 28,6
XwVE8zu8odE S 6,1
Yo3ew3nT A 19,2 S 22,4
AHVl4yJt S 190,9
A248 191,4
