S567 9,7
A792 36,9
A792 36,9
vdeu3oBi A 1,2 S 9,7
1WUEkDISCn A 36,9
