QplUd6TQ6 S 23,8
sM58Y5 S 8,2
S231 23,8
S353 8,2
A381 S 84,6
QplUd6TQ6 A 146,0 S 23,8
fPad7stzw A 6,7
oJUkB A 115,9 S 27,0
sM58Y5 S 8,2
S231 50,8
S353 92,8
A381 268,6
A381 S 84,6
A381 268,6
