A93 419,5
gDG8 A 221,9
1cU A 60,3
AOg A 197,6
gDG8 A 221,9
udLe0B6g A 6,5
A93 419,5
A361 66,8
A361 130,1
