pYl S 11,6
S480 11,6
pYl S 11,6
S480 11,6
pYl S 11,6
S480 11,6
Hioh4L S 0,3
pYl S 11,6
zau S 209,5
S480 221,4
Hioh4L S 0,3
pYl S 11,6
zau S 209,5
S480 221,4
Hioh4L S 0,3
S563 S 97,2
S563 206,9
