KfhF A 318,2
A980 390,4
qR7UEZD37 A 9,8
903Rc A 25,6
A681 A 22,6
KfhF A 409,8
V6y A 87,4 S 149,4
qR7UEZD37 A 9,8
A474 106,4
A681 48,6
S769 149,4
A980 400,2
903Rc A 25,6
A681 A 377,2
KfhF A 409,8
V6y A 87,4 S 149,4
qR7UEZD37 A 9,8
A474 106,4
A681 48,6
S769 149,4
A980 754,8
903Rc A 25,6
A681 A 377,2
KfhF A 409,8
V6y A 87,4 S 149,4
qR7UEZD37 A 9,8
A474 106,4
A681 48,6
S769 149,4
A980 754,8
