A629 S 18,3
a8tpJ A 318,6
S467 18,3
A629 318,6
A629 S 18,3
J8Xrq3e S 1,0
ZwIcymd8 A 10,9
a8tpJ A 318,6
jf4ln S 0,5
S467 19,3
A629 329,5
S680 0,5
A629 S 18,3
J8Xrq3e S 1,0
ZwIcymd8 A 10,9
a8tpJ A 318,6
jf4ln S 0,5
S467 19,3
A629 329,5
S680 0,5
A629 S 156,1
A629 329,5
