nWRmA0eN4E A 90,8
A639 90,8
RdjlFmzE A 4,0
S666 S 9,1
nWRmA0eN4E A 90,8
vNog A 150,9
zvgI5WW1f S 71,8
A639 90,8
A662 154,9
S666 80,9
RdjlFmzE A 4,0
S666 S 9,1
nWRmA0eN4E A 90,8
vAbJL A 174,1
vNog A 150,9
zvgI5WW1f S 71,8
A347 174,1
A639 90,8
A662 154,9
S666 80,9
RdjlFmzE A 4,0
S666 S 9,1
nWRmA0eN4E A 90,8
vAbJL A 174,1
vNog A 163,9
zvgI5WW1f A 31,9 S 71,8
A347 206,0
A639 90,8
A662 167,9
S666 80,9
A662 167,9
RdjlFmzE A 165,0
RdjlFmzE A 165,0
