A217 42,4
A89 A 264,1
BSAZ A 42,4
qa3psYFcDE S 86,6
xNUf08UTNE S 262,8
A89 264,1
A217 42,4
S715 262,8
S802 86,6
S715 439,3
A89 A 264,1 S 91,7
BSAZ A 42,4 S 31,0
DXbwtC A 98,2
DXyJGXf A 27,8 S 145,5
qa3psYFcDE S 86,6
wbWynpy8O5 A 21,4
xNUf08UTNE A 207,6 S 262,8
A89 362,3
A217 299,2
S715 439,3
S802 178,3
xNUf08UTNE A 207,6 S 262,8
