1BJDfu1 S 2,2
1BJDfu1 S 2,2
ort8xMZlFPw A 121,5
u3E S 40,1
x6BAToP S 18,9
S26 2,2
S723 40,1
A783 121,5
S874 18,9
