A653 38,1
Djm A 6,7
fth A 38,1
A537 6,7
A653 38,1
