ADdoK2Y0S S 81,8
bbT2 A 90,3
S246 81,8
A413 90,3
hID9hVcF1 S 20,2
